3	6 7 8 
3	6 7 8 
3	6 7 8 
0	
0	
0	
0	
0	

0	
1	26 
0	
0	
0	
0	
0	
0	
0	
0	
0	
0	
0	
0	
0	
0	
0	
0	
0	
0	
0	
0	
0	
0	
0	
0	
0	

0	
0	
0	
0	
0	

0	
0	
1	5 
0	
0	

0	
2	6 7 
2	6 7 
0	
0	
0	
0	

