0	
0	
0	
0	

1	3 
0	
0	

1	3 
0	
0	

0	
0	
0	
0	
0	
0	
0	
0	
0	
0	
0	

4	6 7 8 9 
4	6 7 8 9 
4	6 7 8 9 
4	6 7 8 9 
0	
0	
0	
0	
0	

7	3 4 5 6 7 8 9 
4	6 7 8 9 
4	6 7 8 9 
4	6 7 8 9 
1	9 
1	9 
1	9 
0	
0	

7	3 4 5 6 7 8 9 
4	6 7 8 9 
4	6 7 8 9 
4	6 7 8 9 
1	9 
1	9 
1	9 
0	
0	

